doneAC oncreate instance at 216BBDE0 with private size 292 bytes at 21700190No UBIFS volume mounted!UBI: mtd1 is detached from ubi0Creating 1 MTD partitions on "nand0":0x000002340000-0x000020000000 : "mtd=7"UBI: attaching mtd1 to ubi0UBI: physical eraseblock size:   131072 bytes (128 KiB)UBI: logical eraseblock size:    126976 bytesUBI: smallest flash I/O unit:    2048UBI: VID header offset:          2048 (aligned 2048)UBI: data offset:                4096UBI: attached mtd1 to ubi0UBI: MTD device name:            "mtd=7"UBI: MTD device size:            476 MiBUBI: number of good PEBs:        3777UBI: number of bad PEBs:         37UBI: max. allowed volumes:       128UBI: wear-leveling threshold:    4096UBI: number of internal volumes: 1UBI: number of user volumes:     10UBI: available PEBs:             97UBI: total number of reserved PEBs: 3680UBI: number of PEBs reserved for bad PEB handling: 63UBI: max/mean erase counter: 31/1UBIFS: mounted UBI device 0, volume 4, name "CONFIG"UBIFS: file system size:   7237632 bytes (7068 KiB, 6 MiB, 57 LEBs)UBIFS: journal size:       1777664 bytes (1736 KiB, 1 MiB, 14 LEBs)UBIFS: media format:       w4/r0 (latest is w4/r0)UBIFS: default compressor: LZOUBIFS: reserved for root:  0 bytes (0 KiB)Loading file '/PM.bin' to address 0x60010000 (size 24575)Loading file '/PM.bin' to addr 0x60010000 with size 24575 (0x00005FFF)...DoneWait for PM51 standby...........PM51 run ok...........